// Jest Snapshot v1, https://goo.gl/fbAQLP

exports[`should render CartSlider correctly 1`] = `
<div
  className="cart card-shadow text-center false"
>
  <div
    className="right-nav close-button"
  >
    <i
      className="fa fa-close"
    />
  </div>
  <br />
  <div
    className="container"
  >
    My Cart
     
    <i
      className="fa fa-shopping-cart"
    />
  </div>
  <div
    className="card text-inverse"
  >
    <span
      className="cart-count"
    >
      0
       
    </span>
    Items added
  </div>
  <div
    className="container"
  >
    <a
      className="btn btn-sm btn-green"
      href="my-cart.html"
    >
      View
    </a>
  </div>
</div>
`;
