// Jest Snapshot v1, https://goo.gl/fbAQLP

exports[`The Header Component Test Suite should render the <OrderHistory /> Component 1`] = `
<header>
  <nav
    className="topnav"
    id="myTopnav"
  >
    <div
      className="left-nav"
    >
      <Link
        className="brand"
        replace={false}
        to="/"
      >
        Fast Food Fast
      </Link>
    </div>
    <div
      className="right-nav"
    >
      <NavLink
        activeClassName="active"
        aria-current="page"
        className=""
        to="/users/foods"
      >
        Menu
      </NavLink>
      <NavLink
        activeClassName="active"
        aria-current="page"
        className=""
        to="/signin"
      >
        Signin
      </NavLink>
      <NavLink
        activeClassName="active"
        aria-current="page"
        to="/signup"
      >
        Signup
      </NavLink>
      <div
        className="dropdown"
      >
        <NavLink
          activeClassName="active"
          aria-current="page"
          to="/users/my-cart"
        >
          <i
            className="fa fa-shopping-cart"
          />
           
          <span
            className="count cart-count"
          >
            0
          </span>
        </NavLink>
      </div>
      <a
        className="icon"
        href="/"
        onClick={[Function]}
      >
        ☰
      </a>
    </div>
    <FlashMessage />
  </nav>
</header>
`;

exports[`should render Header correctly 1`] = `
<ContextConsumer>
  <Component />
</ContextConsumer>
`;
