// Jest Snapshot v1, https://goo.gl/fbAQLP

exports[`should render Hero correctly 1`] = `
<div
  className="hero"
>
  <div
    className="contain text-center"
  >
    <h1
      className=""
    >
      Welcome To Fast Food Fast
    </h1>
    <p>
      The best food ordering app. Order afordable food items, drinks, pastries and African dishes to your door step instantly!
    </p>
    <form
      className="form-data"
      method="GET"
    >
      <div
        className="form-member"
      >
        <input
          className="form-input transparent text-center hero-input"
          name="search"
          placeholder="Search foods and dishes"
          type="text"
        />
        <button
          className="btn btn-primary"
          name="search"
          type="button"
        >
          Search Food
        </button>
        <NavLink
          activeClassName="active"
          aria-current="page"
          className="btn btn-blue"
          to="/foods-menu"
        >
          Our Menu
        </NavLink>
      </div>
    </form>
  </div>
</div>
`;
