// Jest Snapshot v1, https://goo.gl/fbAQLP

exports[`The Header Component Test Suite should render the <TriggerModal /> Component 1`] = `
<span>
  <button
    className="triggerModal undefined"
    onClick={[Function]}
    type="button"
  />
  <modal
    cart={Array []}
    handleModal={[Function]}
    isOpen={false}
    match={
      Object {
        "params": Object {},
      }
    }
    order={
      Object {
        "orderHistory": Array [],
      }
    }
    user={Object {}}
  />
</span>
`;
