// Jest Snapshot v1, https://goo.gl/fbAQLP

exports[`The MenuPage Component Test Suite should render the <MenuPage /> Component 1`] = `
<div>
  <Connect(Header) />
  <main
    className="main"
  >
    <Hero />
    <div
      className="p-h-5 text-center"
    >
      <p>
        To enjoy amazing discounts and have a fun filled experience, login to your account!
      </p>
      <div>
        <Link
          className="btn btn-green"
          replace={false}
          to="/signin"
        >
          Login Now
        </Link>
        <Link
          className="btn btn-blue"
          replace={false}
          to="/signup"
        >
          Signup Now
        </Link>
      </div>
    </div>
    <div
      className="containerX"
    >
      <section>
        <h2
          className="text-center"
        >
          Todays Featured Foods
        </h2>
        <div
          className="loader text-center"
        >
          <i
            className="text-center fa fa-spinner fa-5x fa-spin"
          />
        </div>
      </section>
      <section>
        <div
          className="card text-center"
        >
          <h2>
            Wanna See Our Menu And All Food Items?
          </h2>
          <p>
            <Link
              className="btn btn-blue btn-rounded btn-bg"
              replace={false}
              to="/users/foods"
            >
              View Menu
            </Link>
          </p>
        </div>
      </section>
      <section
        className="flex-h text-center"
      >
        <AboutCard />
        <ContactCard />
      </section>
    </div>
  </main>
  <Footer />
</div>
`;
