// Jest Snapshot v1, https://goo.gl/fbAQLP

exports[`rendering should render the component 1`] = `
<div>
  <Connect(Header)
    cartCount={0}
  />
  <main
    className="main-content"
  >
    <div
      className="container hideX"
    >
      <Component />
      <h1
        className="text-center"
      >
        Whats On Our Menu
      </h1>
      <section
        className="card"
      >
        <div
          className="loader text-center"
        >
          <i
            className="text-center fa fa-spinner fa-5x fa-spin"
          />
        </div>
        <ViewMore1 />
      </section>
    </div>
  </main>
  <Footer
    cartCount={0}
  />
</div>
`;
